---
source: src/week_with_calendar_number.rs
expression: actual
---
[
    WeekCalendar {
        week_number: ValidatedWeekNumber(
            52,
        ),
        monday: 2022-12-26,
        sunday: 2023-01-01,
    },
    WeekCalendar {
        week_number: ValidatedWeekNumber(
            1,
        ),
        monday: 2023-01-02,
        sunday: 2023-01-08,
    },
    WeekCalendar {
        week_number: ValidatedWeekNumber(
            2,
        ),
        monday: 2023-01-09,
        sunday: 2023-01-15,
    },
    WeekCalendar {
        week_number: ValidatedWeekNumber(
            3,
        ),
        monday: 2023-01-16,
        sunday: 2023-01-22,
    },
    WeekCalendar {
        week_number: ValidatedWeekNumber(
            4,
        ),
        monday: 2023-01-23,
        sunday: 2023-01-29,
    },
    WeekCalendar {
        week_number: ValidatedWeekNumber(
            5,
        ),
        monday: 2023-01-30,
        sunday: 2023-02-05,
    },
]
